Component: ARM Compiler 5.06 update 2 (build 183) Tool: armlink [4d35b7]

==============================================================================

Section Cross References

    main.o(i.main) refers to _printf_percent.o(.ARM.Collect$$_printf_percent$$00000000) for _printf_percent
    main.o(i.main) refers to _printf_f.o(.ARM.Collect$$_printf_percent$$00000003) for _printf_f
    main.o(i.main) refers to printf1.o(x$fpl$printf1) for _printf_fp_dec
    main.o(i.main) refers to _printf_d.o(.ARM.Collect$$_printf_percent$$00000009) for _printf_d
    main.o(i.main) refers to _printf_dec.o(.text) for _printf_int_dec
    main.o(i.main) refers to lcd1602.o(i.LCD_IOInit) for LCD_IOInit
    main.o(i.main) refers to lcd1602.o(i.InitLCD) for InitLCD
    main.o(i.main) refers to key.o(i.GPIOinit) for GPIOinit
    main.o(i.main) refers to uart.o(i.UART_Init) for UART_Init
    main.o(i.main) refers to key.o(i.KEY_1) for KEY_1
    main.o(i.main) refers to key.o(i.KEY_2) for KEY_2
    main.o(i.main) refers to noretval__2sprintf.o(.text) for __2sprintf
    main.o(i.main) refers to key.o(i.KEY_5) for KEY_5
    main.o(i.main) refers to lcd1602.o(i.LCD_DisplayStr) for LCD_DisplayStr
    main.o(i.main) refers to temp.o(i.DS18B20_Get_Temp) for DS18B20_Get_Temp
    main.o(i.main) refers to lcd1602.o(i.Delayus) for Delayus
    main.o(i.main) refers to fflti.o(.text) for __aeabi_i2f
    main.o(i.main) refers to fdiv.o(.text) for __aeabi_fdiv
    main.o(i.main) refers to f2d.o(.text) for __aeabi_f2d
    main.o(i.main) refers to uart.o(i.UART_SendStr) for UART_SendStr
    main.o(i.main) refers to aeabi_sdiv.o(.text) for __aeabi_idivmod
    main.o(i.main) refers to key.o(i.KEY_3) for KEY_3
    main.o(i.main) refers to key.o(i.KEY_4) for KEY_4
    main.o(i.main) refers to key.o(.data) for up
    main.o(i.main) refers to main.o(.bss) for GcRcvBuf1
    main.o(i.main) refers to main.o(.data) for temperature
    key.o(i.KEY_1) refers to lcd1602.o(i.Delayms) for Delayms
    key.o(i.KEY_1) refers to key.o(.data) for up
    key.o(i.KEY_2) refers to lcd1602.o(i.Delayms) for Delayms
    key.o(i.KEY_2) refers to key.o(.data) for up
    key.o(i.KEY_3) refers to lcd1602.o(i.Delayms) for Delayms
    key.o(i.KEY_3) refers to key.o(.data) for up
    key.o(i.KEY_4) refers to lcd1602.o(i.Delayms) for Delayms
    key.o(i.KEY_4) refers to key.o(.data) for up
    key.o(i.KEY_5) refers to lcd1602.o(i.Delayms) for Delayms
    uart.o(i.UART_Init) refers to aeabi_sdiv.o(.text) for __aeabi_uidivmod
    uart.o(i.UART_Init) refers to system_lpc11xx.o(.data) for SystemCoreClock
    uart.o(i.UART_SendStr) refers to uart.o(i.UART_Sendbyte) for UART_Sendbyte
    temp.o(i.DS18B20_Check) refers to temp.o(i.delay_ds) for delay_ds
    temp.o(i.DS18B20_Get_Temp) refers to temp.o(i.DS18B20_Start) for DS18B20_Start
    temp.o(i.DS18B20_Get_Temp) refers to temp.o(i.DS18B20_Rst) for DS18B20_Rst
    temp.o(i.DS18B20_Get_Temp) refers to temp.o(i.DS18B20_Check) for DS18B20_Check
    temp.o(i.DS18B20_Get_Temp) refers to temp.o(i.DS18B20_Write_Byte) for DS18B20_Write_Byte
    temp.o(i.DS18B20_Get_Temp) refers to temp.o(i.DS18B20_Read_Byte) for DS18B20_Read_Byte
    temp.o(i.DS18B20_Get_Temp) refers to fflti.o(.text) for __aeabi_i2f
    temp.o(i.DS18B20_Get_Temp) refers to f2d.o(.text) for __aeabi_f2d
    temp.o(i.DS18B20_Get_Temp) refers to dmul.o(.text) for __aeabi_dmul
    temp.o(i.DS18B20_Get_Temp) refers to dfixi.o(.text) for __aeabi_d2iz
    temp.o(i.DS18B20_Get_Temp) refers to temp.o(.data) for temp_sign
    temp.o(i.DS18B20_Init) refers to temp.o(i.DS18B20_Rst) for DS18B20_Rst
    temp.o(i.DS18B20_Init) refers to temp.o(i.DS18B20_Check) for DS18B20_Check
    temp.o(i.DS18B20_Read_Bit) refers to temp.o(i.delay_ds) for delay_ds
    temp.o(i.DS18B20_Read_Byte) refers to temp.o(i.DS18B20_Read_Bit) for DS18B20_Read_Bit
    temp.o(i.DS18B20_Rst) refers to temp.o(i.delay_ds) for delay_ds
    temp.o(i.DS18B20_Start) refers to temp.o(i.DS18B20_Rst) for DS18B20_Rst
    temp.o(i.DS18B20_Start) refers to temp.o(i.DS18B20_Check) for DS18B20_Check
    temp.o(i.DS18B20_Start) refers to temp.o(i.DS18B20_Write_Byte) for DS18B20_Write_Byte
    temp.o(i.DS18B20_Write_Byte) refers to temp.o(i.delay_ds) for delay_ds
    lcd1602.o(i.Busy_Check) refers to lcd1602.o(i.Delayms) for Delayms
    lcd1602.o(i.Delayms) refers to lcd1602.o(.data) for ticks
    lcd1602.o(i.Delayus) refers to lcd1602.o(.data) for ticks
    lcd1602.o(i.InitLCD) refers to lcd1602.o(i.LCD_IOInit) for LCD_IOInit
    lcd1602.o(i.InitLCD) refers to lcd1602.o(i.LCD_WriteCommand) for LCD_WriteCommand
    lcd1602.o(i.InitLCD) refers to lcd1602.o(i.Delayms) for Delayms
    lcd1602.o(i.LCD_DisplayChar) refers to lcd1602.o(i.LCD_WriteCommand) for LCD_WriteCommand
    lcd1602.o(i.LCD_DisplayChar) refers to lcd1602.o(i.LCD_WriteData) for LCD_WriteData
    lcd1602.o(i.LCD_DisplayStr) refers to lcd1602.o(i.LCD_WriteCommand) for LCD_WriteCommand
    lcd1602.o(i.LCD_DisplayStr) refers to lcd1602.o(i.LCD_WriteData) for LCD_WriteData
    lcd1602.o(i.LCD_WriteCommand) refers to lcd1602.o(i.Busy_Check) for Busy_Check
    lcd1602.o(i.LCD_WriteCommand) refers to lcd1602.o(i.Delayms) for Delayms
    lcd1602.o(i.LCD_WriteData) refers to lcd1602.o(i.Busy_Check) for Busy_Check
    lcd1602.o(i.LCD_WriteData) refers to lcd1602.o(i.Delayms) for Delayms
    lcd1602.o(i.SysTick_Handler) refers to lcd1602.o(.data) for ticks
    startup_lpc11xx.o(STACK) refers (Special) to heapauxi.o(.text) for __use_two_region_memory
    startup_lpc11xx.o(HEAP) refers (Special) to heapauxi.o(.text) for __use_two_region_memory
    startup_lpc11xx.o(RESET) refers (Special) to heapauxi.o(.text) for __use_two_region_memory
    startup_lpc11xx.o(RESET) refers to startup_lpc11xx.o(STACK) for __initial_sp
    startup_lpc11xx.o(RESET) refers to startup_lpc11xx.o(.text) for Reset_Handler
    startup_lpc11xx.o(RESET) refers to lcd1602.o(i.SysTick_Handler) for SysTick_Handler
    startup_lpc11xx.o(.ARM.__at_0x02FC) refers (Special) to heapauxi.o(.text) for __use_two_region_memory
    startup_lpc11xx.o(.text) refers (Special) to heapauxi.o(.text) for __use_two_region_memory
    startup_lpc11xx.o(.text) refers to system_lpc11xx.o(i.SystemInit) for SystemInit
    startup_lpc11xx.o(.text) refers to __main.o(!!!main) for __main
    startup_lpc11xx.o(.text) refers to startup_lpc11xx.o(HEAP) for Heap_Mem
    startup_lpc11xx.o(.text) refers to startup_lpc11xx.o(STACK) for Stack_Mem
    system_lpc11xx.o(i.SystemCoreClockUpdate) refers to system_lpc11xx.o(i.__ARM_common_switch8) for __ARM_common_switch8
    system_lpc11xx.o(i.SystemCoreClockUpdate) refers to aeabi_sdiv.o(.text) for __aeabi_uidivmod
    system_lpc11xx.o(i.SystemCoreClockUpdate) refers to system_lpc11xx.o(.data) for SystemCoreClock
    __2sprintf.o(.text) refers to _printf_char_common.o(.text) for _printf_char_common
    __2sprintf.o(.text) refers to _sputc.o(.text) for _sputc
    noretval__2sprintf.o(.text) refers to _printf_char_common.o(.text) for _printf_char_common
    noretval__2sprintf.o(.text) refers to _sputc.o(.text) for _sputc
    __printf.o(.text) refers to _printf_percent.o(.ARM.Collect$$_printf_percent$$00000000) for _printf_percent
    _printf_dec.o(.text) refers to rtudiv10.o(.text) for __rt_udiv10
    _printf_dec.o(.text) refers to _printf_intcommon.o(.text) for _printf_int_common
    __printf_flags.o(.text) refers to _printf_percent.o(.ARM.Collect$$_printf_percent$$00000000) for _printf_percent
    __printf_flags.o(.text) refers to __printf_flags.o(.constdata) for .constdata
    __printf_ss.o(.text) refers to _printf_percent.o(.ARM.Collect$$_printf_percent$$00000000) for _printf_percent
    __printf_flags_ss.o(.text) refers to _printf_percent.o(.ARM.Collect$$_printf_percent$$00000000) for _printf_percent
    __printf_flags_ss.o(.text) refers to __printf_flags_ss.o(.constdata) for .constdata
    __printf_wp.o(.text) refers to __printf_wp.o(i._is_digit) for _is_digit
    __printf_wp.o(.text) refers to _printf_percent.o(.ARM.Collect$$_printf_percent$$00000000) for _printf_percent
    __printf_flags_wp.o(.text) refers to __printf_wp.o(i._is_digit) for _is_digit
    __printf_flags_wp.o(.text) refers to _printf_percent.o(.ARM.Collect$$_printf_percent$$00000000) for _printf_percent
    __printf_flags_wp.o(.text) refers to __printf_flags_wp.o(.constdata) for .constdata
    __printf_ss_wp.o(.text) refers to __printf_wp.o(i._is_digit) for _is_digit
    __printf_ss_wp.o(.text) refers to _printf_percent.o(.ARM.Collect$$_printf_percent$$00000000) for _printf_percent
    __printf_flags_ss_wp.o(.text) refers to __printf_wp.o(i._is_digit) for _is_digit
    __printf_flags_ss_wp.o(.text) refers to _printf_percent.o(.ARM.Collect$$_printf_percent$$00000000) for _printf_percent
    __printf_flags_ss_wp.o(.text) refers to __printf_flags_ss_wp.o(.constdata) for .constdata
    _printf_d.o(.ARM.Collect$$_printf_percent$$00000009) refers (Weak) to _printf_dec.o(.text) for _printf_int_dec
    _printf_f.o(.ARM.Collect$$_printf_percent$$00000003) refers (Weak) to printf1.o(x$fpl$printf1) for _printf_fp_dec
    _printf_percent.o(.ARM.Collect$$_printf_percent$$00000000) refers (Special) to _printf_percent_end.o(.ARM.Collect$$_printf_percent$$00000017) for _printf_percent_end
    __main.o(!!!main) refers to __rtentry.o(.ARM.Collect$$rtentry$$00000000) for __rt_entry
    dfixi.o(.text) refers (Special) to usenofp.o(x$fpl$usenofp) for __I$use$fp
    dmul.o(.text) refers (Special) to usenofp.o(x$fpl$usenofp) for __I$use$fp
    f2d.o(.text) refers (Special) to usenofp.o(x$fpl$usenofp) for __I$use$fp
    fdiv.o(.text) refers (Special) to usenofp.o(x$fpl$usenofp) for __I$use$fp
    fdiv.o(.text) refers to fdiv.o(.constdata) for .constdata
    fdiv.o(.constdata) refers (Special) to usenofp.o(x$fpl$usenofp) for __I$use$fp
    fflti.o(.text) refers (Special) to usenofp.o(x$fpl$usenofp) for __I$use$fp
    printf1.o(x$fpl$printf1) refers to _printf_fp_dec.o(.text) for _printf_fp_dec_real
    __rtentry.o(.ARM.Collect$$rtentry$$00000000) refers (Special) to __rtentry2.o(.ARM.Collect$$rtentry$$0000000A) for __rt_entry_li
    __rtentry.o(.ARM.Collect$$rtentry$$00000000) refers (Special) to __rtentry2.o(.ARM.Collect$$rtentry$$0000000D) for __rt_entry_main
    __rtentry.o(.ARM.Collect$$rtentry$$00000000) refers (Special) to __rtentry2.o(.ARM.Collect$$rtentry$$0000000C) for __rt_entry_postli_1
    __rtentry.o(.ARM.Collect$$rtentry$$00000000) refers (Special) to __rtentry2.o(.ARM.Collect$$rtentry$$00000009) for __rt_entry_postsh_1
    __rtentry.o(.ARM.Collect$$rtentry$$00000000) refers (Special) to __rtentry2.o(.ARM.Collect$$rtentry$$00000002) for __rt_entry_presh_1
    __rtentry.o(.ARM.Collect$$rtentry$$00000000) refers (Special) to __rtentry4.o(.ARM.Collect$$rtentry$$00000004) for __rt_entry_sh
    aeabi_idiv0_sigfpe.o(.text) refers to rt_div0.o(.text) for __rt_div0
    _printf_fp_dec.o(.text) refers (Special) to usenofp.o(x$fpl$usenofp) for __I$use$fp
    _printf_fp_dec.o(.text) refers (Special) to lc_numeric_c.o(locale$$code) for _get_lc_numeric
    _printf_fp_dec.o(.text) refers to bigflt0.o(.text) for _btod_etento
    _printf_fp_dec.o(.text) refers to btod.o(.text) for _btod_d2e
    _printf_fp_dec.o(.text) refers to lludiv10.o(.text) for _ll_udiv10
    _printf_fp_dec.o(.text) refers to fpclassify.o(i.__ARM_fpclassify) for __ARM_fpclassify
    _printf_fp_dec.o(.text) refers to _printf_fp_infnan.o(.text) for _printf_fp_infnan
    _printf_fp_dec.o(.text) refers to rtudiv10.o(.text) for __rt_udiv10
    _printf_fp_dec.o(.text) refers to rt_locale_intlibspace.o(.text) for __rt_locale
    _printf_char_common.o(.text) refers to __printf.o(.text) for __printf
    __rtentry2.o(.ARM.Collect$$rtentry$$00000008) refers to boardinit2.o(.text) for _platform_post_stackheap_init
    __rtentry2.o(.ARM.Collect$$rtentry$$0000000A) refers to libinit.o(.ARM.Collect$$libinit$$00000000) for __rt_lib_init
    __rtentry2.o(.ARM.Collect$$rtentry$$0000000B) refers to boardinit3.o(.text) for _platform_post_lib_init
    __rtentry2.o(.ARM.Collect$$rtentry$$0000000D) refers to main.o(i.main) for main
    __rtentry2.o(.ARM.Collect$$rtentry$$0000000D) refers to exit.o(.text) for exit
    __rtentry2.o(.ARM.exidx) refers to __rtentry2.o(.ARM.Collect$$rtentry$$00000001) for .ARM.Collect$$rtentry$$00000001
    __rtentry2.o(.ARM.exidx) refers to __rtentry2.o(.ARM.Collect$$rtentry$$00000008) for .ARM.Collect$$rtentry$$00000008
    __rtentry2.o(.ARM.exidx) refers to __rtentry2.o(.ARM.Collect$$rtentry$$0000000A) for .ARM.Collect$$rtentry$$0000000A
    __rtentry2.o(.ARM.exidx) refers to __rtentry2.o(.ARM.Collect$$rtentry$$0000000B) for .ARM.Collect$$rtentry$$0000000B
    __rtentry2.o(.ARM.exidx) refers to __rtentry2.o(.ARM.Collect$$rtentry$$0000000D) for .ARM.Collect$$rtentry$$0000000D
    __rtentry4.o(.ARM.Collect$$rtentry$$00000004) refers to sys_stackheap_outer.o(.text) for __user_setup_stackheap
    __rtentry4.o(.ARM.exidx) refers to __rtentry4.o(.ARM.Collect$$rtentry$$00000004) for .ARM.Collect$$rtentry$$00000004
    rt_div0.o(.text) refers to defsig_fpe_outer.o(.text) for __rt_SIGFPE
    rt_locale.o(.text) refers to rt_locale.o(.bss) for __rt_locale_data
    rt_locale_intlibspace.o(.text) refers to libspace.o(.bss) for __libspace_start
    bigflt0.o(.text) refers (Special) to usenofp.o(x$fpl$usenofp) for __I$use$fp
    bigflt0.o(.text) refers to aeabi_sdiv.o(.text) for __aeabi_idivmod
    bigflt0.o(.text) refers to btod.o(.text) for _btod_emul
    bigflt0.o(.text) refers to bigflt0.o(.constdata) for .constdata
    bigflt0.o(.constdata) refers (Special) to usenofp.o(x$fpl$usenofp) for __I$use$fp
    btod.o(.text) refers to btod.o(i.__ARM_common_ll_muluu) for __ARM_common_ll_muluu
    lc_numeric_c.o(locale$$data) refers (Special) to libinit2.o(.ARM.Collect$$libinit$$00000016) for __rt_lib_init_lc_numeric_2
    lc_numeric_c.o(locale$$code) refers (Special) to libinit2.o(.ARM.Collect$$libinit$$00000016) for __rt_lib_init_lc_numeric_2
    lc_numeric_c.o(locale$$code) refers to strcmp.o(.text) for strcmp
    lc_numeric_c.o(locale$$code) refers to lc_numeric_c.o(locale$$data) for __lcnum_c_name
    ieee_status.o(.text) refers (Special) to usenofp.o(x$fpl$usenofp) for __I$use$fp
    fpclassify.o(i.__ARM_fpclassify) refers (Special) to usenofp.o(x$fpl$usenofp) for __I$use$fp
    libspace.o(.text) refers to libspace.o(.bss) for __libspace_start
    sys_stackheap_outer.o(.text) refers to libspace.o(.text) for __user_perproc_libspace
    sys_stackheap_outer.o(.text) refers to startup_lpc11xx.o(.text) for __user_initial_stackheap
    sys_stackheap_outer.o(__vectab_stack_and_reset_area) refers to tempstk.o(.text) for __temporary_stack_top
    sys_stackheap_outer.o(__vectab_stack_and_reset_area) refers to __main.o(!!!main) for __main
    exit.o(.text) refers to rtexit.o(.ARM.Collect$$rtexit$$00000000) for __rt_exit
    defsig_fpe_outer.o(.text) refers to defsig_fpe_inner.o(.text) for __rt_SIGFPE_inner
    defsig_fpe_outer.o(.text) refers to defsig_exit.o(.text) for __sig_exit
    defsig_fpe_formal.o(.text) refers to rt_raise.o(.text) for __rt_raise
    libinit.o(.ARM.Collect$$libinit$$00000000) refers (Special) to libinit2.o(.ARM.Collect$$libinit$$0000002E) for __rt_lib_init_alloca_1
    libinit.o(.ARM.Collect$$libinit$$00000000) refers (Special) to libinit2.o(.ARM.Collect$$libinit$$0000002C) for __rt_lib_init_argv_1
    libinit.o(.ARM.Collect$$libinit$$00000000) refers (Special) to libinit2.o(.ARM.Collect$$libinit$$0000001B) for __rt_lib_init_atexit_1
    libinit.o(.ARM.Collect$$libinit$$00000000) refers (Special) to libinit2.o(.ARM.Collect$$libinit$$00000021) for __rt_lib_init_clock_1
    libinit.o(.ARM.Collect$$libinit$$00000000) refers (Special) to libinit2.o(.ARM.Collect$$libinit$$00000032) for __rt_lib_init_cpp_1
    libinit.o(.ARM.Collect$$libinit$$00000000) refers (Special) to libinit2.o(.ARM.Collect$$libinit$$00000030) for __rt_lib_init_exceptions_1
    libinit.o(.ARM.Collect$$libinit$$00000000) refers (Special) to libinit2.o(.ARM.Collect$$libinit$$00000002) for __rt_lib_init_fp_1
    libinit.o(.ARM.Collect$$libinit$$00000000) refers (Special) to libinit2.o(.ARM.Collect$$libinit$$0000001F) for __rt_lib_init_fp_trap_1
    libinit.o(.ARM.Collect$$libinit$$00000000) refers (Special) to libinit2.o(.ARM.Collect$$libinit$$00000023) for __rt_lib_init_getenv_1
    libinit.o(.ARM.Collect$$libinit$$00000000) refers (Special) to libinit2.o(.ARM.Collect$$libinit$$0000000A) for __rt_lib_init_heap_1
    libinit.o(.ARM.Collect$$libinit$$00000000) refers (Special) to libinit2.o(.ARM.Collect$$libinit$$00000011) for __rt_lib_init_lc_collate_1
    libinit.o(.ARM.Collect$$libinit$$00000000) refers (Special) to libinit2.o(.ARM.Collect$$libinit$$00000013) for __rt_lib_init_lc_ctype_1
    libinit.o(.ARM.Collect$$libinit$$00000000) refers (Special) to libinit2.o(.ARM.Collect$$libinit$$00000015) for __rt_lib_init_lc_monetary_1
    libinit.o(.ARM.Collect$$libinit$$00000000) refers (Special) to libinit2.o(.ARM.Collect$$libinit$$00000017) for __rt_lib_init_lc_numeric_1
    libinit.o(.ARM.Collect$$libinit$$00000000) refers (Special) to libinit2.o(.ARM.Collect$$libinit$$00000019) for __rt_lib_init_lc_time_1
    libinit.o(.ARM.Collect$$libinit$$00000000) refers (Special) to libinit2.o(.ARM.Collect$$libinit$$00000004) for __rt_lib_init_preinit_1
    libinit.o(.ARM.Collect$$libinit$$00000000) refers (Special) to libinit2.o(.ARM.Collect$$libinit$$0000000E) for __rt_lib_init_rand_1
    libinit.o(.ARM.Collect$$libinit$$00000000) refers (Special) to libinit2.o(.ARM.Collect$$libinit$$00000033) for __rt_lib_init_return
    libinit.o(.ARM.Collect$$libinit$$00000000) refers (Special) to libinit2.o(.ARM.Collect$$libinit$$0000001D) for __rt_lib_init_signal_1
    libinit.o(.ARM.Collect$$libinit$$00000000) refers (Special) to libinit2.o(.ARM.Collect$$libinit$$00000025) for __rt_lib_init_stdio_1
    libinit.o(.ARM.Collect$$libinit$$00000000) refers (Special) to libinit2.o(.ARM.Collect$$libinit$$0000000C) for __rt_lib_init_user_alloc_1
    libinit2.o(.ARM.Collect$$libinit$$0000000F) refers (Weak) to rt_locale_intlibspace.o(.text) for __rt_locale
    libinit2.o(.ARM.Collect$$libinit$$00000010) refers to libinit2.o(.ARM.Collect$$libinit$$0000000F) for .ARM.Collect$$libinit$$0000000F
    libinit2.o(.ARM.Collect$$libinit$$00000012) refers to libinit2.o(.ARM.Collect$$libinit$$0000000F) for .ARM.Collect$$libinit$$0000000F
    libinit2.o(.ARM.Collect$$libinit$$00000014) refers to libinit2.o(.ARM.Collect$$libinit$$0000000F) for .ARM.Collect$$libinit$$0000000F
    libinit2.o(.ARM.Collect$$libinit$$00000016) refers to libinit2.o(.ARM.Collect$$libinit$$0000000F) for .ARM.Collect$$libinit$$0000000F
    libinit2.o(.ARM.Collect$$libinit$$00000016) refers (Weak) to lc_numeric_c.o(locale$$code) for _get_lc_numeric
    libinit2.o(.ARM.Collect$$libinit$$00000018) refers to libinit2.o(.ARM.Collect$$libinit$$0000000F) for .ARM.Collect$$libinit$$0000000F
    libinit2.o(.ARM.Collect$$libinit$$00000026) refers to argv_veneer.o(.text) for __ARM_argv_veneer
    libinit2.o(.ARM.Collect$$libinit$$00000027) refers to argv_veneer.o(.text) for __ARM_argv_veneer
    rtexit.o(.ARM.Collect$$rtexit$$00000000) refers (Special) to rtexit2.o(.ARM.Collect$$rtexit$$00000004) for __rt_exit_exit
    rtexit.o(.ARM.Collect$$rtexit$$00000000) refers (Special) to rtexit2.o(.ARM.Collect$$rtexit$$00000003) for __rt_exit_ls
    rtexit.o(.ARM.Collect$$rtexit$$00000000) refers (Special) to rtexit2.o(.ARM.Collect$$rtexit$$00000002) for __rt_exit_prels_1
    rtexit.o(.ARM.exidx) refers (Special) to rtexit2.o(.ARM.Collect$$rtexit$$00000004) for __rt_exit_exit
    rtexit.o(.ARM.exidx) refers (Special) to rtexit2.o(.ARM.Collect$$rtexit$$00000003) for __rt_exit_ls
    rtexit.o(.ARM.exidx) refers (Special) to rtexit2.o(.ARM.Collect$$rtexit$$00000002) for __rt_exit_prels_1
    rtexit.o(.ARM.exidx) refers to rtexit.o(.ARM.Collect$$rtexit$$00000000) for .ARM.Collect$$rtexit$$00000000
    rt_raise.o(.text) refers to __raise.o(.text) for __raise
    rt_raise.o(.text) refers to sys_exit.o(.text) for _sys_exit
    defsig_exit.o(.text) refers to sys_exit.o(.text) for _sys_exit
    defsig_fpe_inner.o(.text) refers to defsig_general.o(.text) for __default_signal_display
    sys_exit.o(.text) refers (Special) to use_no_semi.o(.text) for __I$use$semihosting
    sys_exit.o(.text) refers (Special) to indicate_semi.o(.text) for __semihosting_library_function
    rtexit2.o(.ARM.Collect$$rtexit$$00000003) refers to libshutdown.o(.ARM.Collect$$libshutdown$$00000000) for __rt_lib_shutdown
    rtexit2.o(.ARM.Collect$$rtexit$$00000004) refers to sys_exit.o(.text) for _sys_exit
    rtexit2.o(.ARM.exidx) refers to rtexit2.o(.ARM.Collect$$rtexit$$00000001) for .ARM.Collect$$rtexit$$00000001
    rtexit2.o(.ARM.exidx) refers to rtexit2.o(.ARM.Collect$$rtexit$$00000003) for .ARM.Collect$$rtexit$$00000003
    rtexit2.o(.ARM.exidx) refers to rtexit2.o(.ARM.Collect$$rtexit$$00000004) for .ARM.Collect$$rtexit$$00000004
    __raise.o(.text) refers to defsig.o(CL$$defsig) for __default_signal_handler
    defsig_general.o(.text) refers to sys_wrch.o(.text) for _ttywrch
    _get_argv_nomalloc.o(.text) refers (Special) to hrguard.o(.text) for __heap_region$guard
    _get_argv_nomalloc.o(.text) refers to defsig_rtmem_outer.o(.text) for __rt_SIGRTMEM
    _get_argv_nomalloc.o(.text) refers to sys_command.o(.text) for _sys_command_string
    sys_wrch.o(.text) refers (Special) to use_no_semi.o(.text) for __I$use$semihosting
    sys_wrch.o(.text) refers (Special) to indicate_semi.o(.text) for __semihosting_library_function
    sys_command.o(.text) refers (Special) to use_no_semi.o(.text) for __I$use$semihosting
    sys_command.o(.text) refers (Special) to indicate_semi.o(.text) for __semihosting_library_function
    defsig_rtmem_outer.o(.text) refers to defsig_rtmem_inner.o(.text) for __rt_SIGRTMEM_inner
    defsig_rtmem_outer.o(.text) refers to defsig_exit.o(.text) for __sig_exit
    defsig_rtmem_formal.o(.text) refers to rt_raise.o(.text) for __rt_raise
    defsig.o(CL$$defsig) refers to defsig_fpe_inner.o(.text) for __rt_SIGFPE_inner
    defsig.o(CL$$defsig) refers to defsig_rtmem_inner.o(.text) for __rt_SIGRTMEM_inner
    libshutdown.o(.ARM.Collect$$libshutdown$$00000000) refers (Special) to libshutdown2.o(.ARM.Collect$$libshutdown$$00000002) for __rt_lib_shutdown_cpp_1
    libshutdown.o(.ARM.Collect$$libshutdown$$00000000) refers (Special) to libshutdown2.o(.ARM.Collect$$libshutdown$$00000007) for __rt_lib_shutdown_fp_trap_1
    libshutdown.o(.ARM.Collect$$libshutdown$$00000000) refers (Special) to libshutdown2.o(.ARM.Collect$$libshutdown$$0000000F) for __rt_lib_shutdown_heap_1
    libshutdown.o(.ARM.Collect$$libshutdown$$00000000) refers (Special) to libshutdown2.o(.ARM.Collect$$libshutdown$$00000010) for __rt_lib_shutdown_return
    libshutdown.o(.ARM.Collect$$libshutdown$$00000000) refers (Special) to libshutdown2.o(.ARM.Collect$$libshutdown$$0000000A) for __rt_lib_shutdown_signal_1
    libshutdown.o(.ARM.Collect$$libshutdown$$00000000) refers (Special) to libshutdown2.o(.ARM.Collect$$libshutdown$$00000004) for __rt_lib_shutdown_stdio_1
    libshutdown.o(.ARM.Collect$$libshutdown$$00000000) refers (Special) to libshutdown2.o(.ARM.Collect$$libshutdown$$0000000C) for __rt_lib_shutdown_user_alloc_1
    defsig_abrt_inner.o(.text) refers to defsig_general.o(.text) for __default_signal_display
    defsig_rtred_inner.o(.text) refers to defsig_general.o(.text) for __default_signal_display
    defsig_rtmem_inner.o(.text) refers to defsig_general.o(.text) for __default_signal_display
    defsig_stak_inner.o(.text) refers to defsig_general.o(.text) for __default_signal_display
    defsig_pvfn_inner.o(.text) refers to defsig_general.o(.text) for __default_signal_display
    defsig_cppl_inner.o(.text) refers to defsig_general.o(.text) for __default_signal_display
    defsig_segv_inner.o(.text) refers to defsig_general.o(.text) for __default_signal_display
    defsig_other.o(.text) refers to defsig_general.o(.text) for __default_signal_display


==============================================================================

Removing Unused input sections from the image.

    Removing main.o(.rev16_text), (4 bytes).
    Removing main.o(.revsh_text), (4 bytes).
    Removing key.o(.rev16_text), (4 bytes).
    Removing key.o(.revsh_text), (4 bytes).
    Removing uart.o(.rev16_text), (4 bytes).
    Removing uart.o(.revsh_text), (4 bytes).
    Removing uart.o(i.UART_GetByte), (28 bytes).
    Removing temp.o(.rev16_text), (4 bytes).
    Removing temp.o(.revsh_text), (4 bytes).
    Removing temp.o(i.DS18B20_Init), (48 bytes).
    Removing lcd1602.o(.rev16_text), (4 bytes).
    Removing lcd1602.o(.revsh_text), (4 bytes).
    Removing lcd1602.o(i.LCD_DisplayChar), (48 bytes).
    Removing system_lpc11xx.o(.rev16_text), (4 bytes).
    Removing system_lpc11xx.o(.revsh_text), (4 bytes).
    Removing system_lpc11xx.o(i.CLKOUT_EN), (88 bytes).
    Removing system_lpc11xx.o(i.SystemCoreClockUpdate), (440 bytes).
    Removing system_lpc11xx.o(i.__ARM_common_switch8), (28 bytes).

18 unused section(s) (total 728 bytes) removed from the image.

==============================================================================

Image Symbol Table

    Local Symbols

    Symbol Name                              Value     Ov Type        Size  Object(Section)

    RESET                                    0x00000000   Section      192  startup_lpc11xx.o(RESET)
    ../clib/angel/boardlib.s                 0x00000000   Number         0  boardshut.o ABSOLUTE
    ../clib/angel/boardlib.s                 0x00000000   Number         0  boardinit2.o ABSOLUTE
    ../clib/angel/boardlib.s                 0x00000000   Number         0  boardinit3.o ABSOLUTE
    ../clib/angel/boardlib.s                 0x00000000   Number         0  boardinit1.o ABSOLUTE
    ../clib/angel/handlers.s                 0x00000000   Number         0  __scatter_copy.o ABSOLUTE
    ../clib/angel/handlers.s                 0x00000000   Number         0  __scatter_zi.o ABSOLUTE
    ../clib/angel/kernel.s                   0x00000000   Number         0  rtexit.o ABSOLUTE
    ../clib/angel/kernel.s                   0x00000000   Number         0  __rtentry.o ABSOLUTE
    ../clib/angel/kernel.s                   0x00000000   Number         0  __rtentry2.o ABSOLUTE
    ../clib/angel/kernel.s                   0x00000000   Number         0  __rtentry4.o ABSOLUTE
    ../clib/angel/kernel.s                   0x00000000   Number         0  rtexit2.o ABSOLUTE
    ../clib/angel/rt.s                       0x00000000   Number         0  aeabi_idiv0_sigfpe.o ABSOLUTE
    ../clib/angel/rt.s                       0x00000000   Number         0  aeabi_idiv0.o ABSOLUTE
    ../clib/angel/rt.s                       0x00000000   Number         0  rt_div0.o ABSOLUTE
    ../clib/angel/rt.s                       0x00000000   Number         0  rt_locale.o ABSOLUTE
    ../clib/angel/rt.s                       0x00000000   Number         0  rt_locale_intlibspace.o ABSOLUTE
    ../clib/angel/rt.s                       0x00000000   Number         0  rt_raise.o ABSOLUTE
    ../clib/angel/scatterp.s                 0x00000000   Number         0  __scatter.o ABSOLUTE
    ../clib/angel/startup.s                  0x00000000   Number         0  __main.o ABSOLUTE
    ../clib/angel/sys.s                      0x00000000   Number         0  libspace.o ABSOLUTE
    ../clib/angel/sys.s                      0x00000000   Number         0  sys_stackheap_outer.o ABSOLUTE
    ../clib/angel/sys.s                      0x00000000   Number         0  indicate_semi.o ABSOLUTE
    ../clib/angel/sys.s                      0x00000000   Number         0  use_no_semi.o ABSOLUTE
    ../clib/angel/sys.s                      0x00000000   Number         0  tempstk.o ABSOLUTE
    ../clib/angel/sysapp.c                   0x00000000   Number         0  sys_wrch.o ABSOLUTE
    ../clib/angel/sysapp.c                   0x00000000   Number         0  sys_exit.o ABSOLUTE
    ../clib/angel/sysapp.c                   0x00000000   Number         0  sys_command.o ABSOLUTE
    ../clib/armsys.c                         0x00000000   Number         0  no_argv.o ABSOLUTE
    ../clib/armsys.c                         0x00000000   Number         0  _get_argv_nomalloc.o ABSOLUTE
    ../clib/armsys.c                         0x00000000   Number         0  argv_veneer.o ABSOLUTE
    ../clib/bigflt.c                         0x00000000   Number         0  bigflt0.o ABSOLUTE
    ../clib/btod.c                           0x00000000   Number         0  btod.o ABSOLUTE
    ../clib/division.c                       0x00000000   Number         0  lludiv10.o ABSOLUTE
    ../clib/division.c                       0x00000000   Number         0  rtudiv10.o ABSOLUTE
    ../clib/division.s                       0x00000000   Number         0  aeabi_sdiv_div0.o ABSOLUTE
    ../clib/division.s                       0x00000000   Number         0  aeabi_sdiv.o ABSOLUTE
    ../clib/heapalloc.c                      0x00000000   Number         0  hrguard.o ABSOLUTE
    ../clib/heapaux.c                        0x00000000   Number         0  heapauxi.o ABSOLUTE
    ../clib/libinit.s                        0x00000000   Number         0  libshutdown2.o ABSOLUTE
    ../clib/libinit.s                        0x00000000   Number         0  libshutdown.o ABSOLUTE
    ../clib/libinit.s                        0x00000000   Number         0  libinit.o ABSOLUTE
    ../clib/libinit.s                        0x00000000   Number         0  libinit2.o ABSOLUTE
    ../clib/locale.s                         0x00000000   Number         0  lc_numeric_c.o ABSOLUTE
    ../clib/printf.c                         0x00000000   Number         0  __2sprintf.o ABSOLUTE
    ../clib/printf.c                         0x00000000   Number         0  noretval__2sprintf.o ABSOLUTE
    ../clib/printf.c                         0x00000000   Number         0  __printf.o ABSOLUTE
    ../clib/printf.c                         0x00000000   Number         0  __printf_flags.o ABSOLUTE
    ../clib/printf.c                         0x00000000   Number         0  _printf_dec.o ABSOLUTE
    ../clib/printf.c                         0x00000000   Number         0  __printf_flags_ss.o ABSOLUTE
    ../clib/printf.c                         0x00000000   Number         0  __printf_wp.o ABSOLUTE
    ../clib/printf.c                         0x00000000   Number         0  __printf_flags_wp.o ABSOLUTE
    ../clib/printf.c                         0x00000000   Number         0  __printf_ss_wp.o ABSOLUTE
    ../clib/printf.c                         0x00000000   Number         0  __printf_flags_ss_wp.o ABSOLUTE
    ../clib/printf.c                         0x00000000   Number         0  __printf_ss.o ABSOLUTE
    ../clib/printf.c                         0x00000000   Number         0  _printf_intcommon.o ABSOLUTE
    ../clib/printf.c                         0x00000000   Number         0  _printf_fp_dec.o ABSOLUTE
    ../clib/printf.c                         0x00000000   Number         0  _printf_char_common.o ABSOLUTE
    ../clib/printf.c                         0x00000000   Number         0  _sputc.o ABSOLUTE
    ../clib/printf.c                         0x00000000   Number         0  __printf_nopercent.o ABSOLUTE
    ../clib/printf.c                         0x00000000   Number         0  _printf_fp_infnan.o ABSOLUTE
    ../clib/printf_percent.s                 0x00000000   Number         0  _printf_percent.o ABSOLUTE
    ../clib/printf_percent.s                 0x00000000   Number         0  _printf_d.o ABSOLUTE
    ../clib/printf_percent.s                 0x00000000   Number         0  _printf_percent_end.o ABSOLUTE
    ../clib/printf_percent.s                 0x00000000   Number         0  _printf_f.o ABSOLUTE
    ../clib/signal.c                         0x00000000   Number         0  defsig_rtmem_inner.o ABSOLUTE
    ../clib/signal.c                         0x00000000   Number         0  defsig_other.o ABSOLUTE
    ../clib/signal.c                         0x00000000   Number         0  defsig_segv_inner.o ABSOLUTE
    ../clib/signal.c                         0x00000000   Number         0  defsig_general.o ABSOLUTE
    ../clib/signal.c                         0x00000000   Number         0  __raise.o ABSOLUTE
    ../clib/signal.c                         0x00000000   Number         0  defsig_cppl_inner.o ABSOLUTE
    ../clib/signal.c                         0x00000000   Number         0  defsig_pvfn_inner.o ABSOLUTE
    ../clib/signal.c                         0x00000000   Number         0  defsig_stak_inner.o ABSOLUTE
    ../clib/signal.c                         0x00000000   Number         0  defsig_rtmem_outer.o ABSOLUTE
    ../clib/signal.c                         0x00000000   Number         0  defsig_rtred_inner.o ABSOLUTE
    ../clib/signal.c                         0x00000000   Number         0  defsig_abrt_inner.o ABSOLUTE
    ../clib/signal.c                         0x00000000   Number         0  defsig_rtmem_formal.o ABSOLUTE
    ../clib/signal.c                         0x00000000   Number         0  defsig_fpe_inner.o ABSOLUTE
    ../clib/signal.c                         0x00000000   Number         0  defsig_exit.o ABSOLUTE
    ../clib/signal.c                         0x00000000   Number         0  defsig_fpe_outer.o ABSOLUTE
    ../clib/signal.c                         0x00000000   Number         0  defsig_fpe_formal.o ABSOLUTE
    ../clib/signal.s                         0x00000000   Number         0  defsig.o ABSOLUTE
    ../clib/stdlib.c                         0x00000000   Number         0  exit.o ABSOLUTE
    ../clib/string.c                         0x00000000   Number         0  strcmp.o ABSOLUTE
    ../fplib/cfplib/dmul.c                   0x00000000   Number         0  dmul.o ABSOLUTE
    ../fplib/cfplib/f2d.c                    0x00000000   Number         0  f2d.o ABSOLUTE
    ../fplib/cfplib/fdiv.c                   0x00000000   Number         0  fdiv.o ABSOLUTE
    ../fplib/cfplib/ffix.c                   0x00000000   Number         0  dfixi.o ABSOLUTE
    ../fplib/cfplib/fflt.c                   0x00000000   Number         0  fflti.o ABSOLUTE
    ../fplib/cfplib/fpinit.c                 0x00000000   Number         0  fpinit.o ABSOLUTE
    ../fplib/cfplib/ieee_status.c            0x00000000   Number         0  ieee_status.o ABSOLUTE
    ../fplib/printf1.s                       0x00000000   Number         0  printf1.o ABSOLUTE
    ../fplib/usenofp.s                       0x00000000   Number         0  usenofp.o ABSOLUTE
    ../mathlib/fpclassify.c                  0x00000000   Number         0  fpclassify.o ABSOLUTE
    LCD1602\LCD1602.c                        0x00000000   Number         0  lcd1602.o ABSOLUTE
    LCD1602\\LCD1602.c                       0x00000000   Number         0  lcd1602.o ABSOLUTE
    UART\UART.c                              0x00000000   Number         0  uart.o ABSOLUTE
    UART\\UART.c                             0x00000000   Number         0  uart.o ABSOLUTE
    dc.s                                     0x00000000   Number         0  dc.o ABSOLUTE
    key\Key.c                                0x00000000   Number         0  key.o ABSOLUTE
    key\\Key.c                               0x00000000   Number         0  key.o ABSOLUTE
    lpc11xx\\system_LPC11xx.c                0x00000000   Number         0  system_lpc11xx.o ABSOLUTE
    lpc11xx\startup_LPC11xx.s                0x00000000   Number         0  startup_lpc11xx.o ABSOLUTE
    lpc11xx\system_LPC11xx.c                 0x00000000   Number         0  system_lpc11xx.o ABSOLUTE
    temp\\temp.c                             0x00000000   Number         0  temp.o ABSOLUTE
    temp\temp.c                              0x00000000   Number         0  temp.o ABSOLUTE
    user\\main.c                             0x00000000   Number         0  main.o ABSOLUTE
    user\main.c                              0x00000000   Number         0  main.o ABSOLUTE
    !!!main                                  0x000000c0   Section        8  __main.o(!!!main)
    !!!scatter                               0x000000c8   Section       60  __scatter.o(!!!scatter)
    !!handler_copy                           0x00000104   Section       26  __scatter_copy.o(!!handler_copy)
    !!handler_zi                             0x00000120   Section       28  __scatter_zi.o(!!handler_zi)
    .ARM.Collect$$_printf_percent$$00000000  0x0000013c   Section        2  _printf_percent.o(.ARM.Collect$$_printf_percent$$00000000)
    .ARM.Collect$$_printf_percent$$00000003  0x0000013e   Section       10  _printf_f.o(.ARM.Collect$$_printf_percent$$00000003)
    .ARM.Collect$$_printf_percent$$00000009  0x00000148   Section       10  _printf_d.o(.ARM.Collect$$_printf_percent$$00000009)
    .ARM.Collect$$_printf_percent$$00000017  0x00000152   Section        4  _printf_percent_end.o(.ARM.Collect$$_printf_percent$$00000017)
    .ARM.Collect$$libinit$$00000000          0x00000156   Section        2  libinit.o(.ARM.Collect$$libinit$$00000000)
    .ARM.Collect$$libinit$$00000002          0x00000158   Section        0  libinit2.o(.ARM.Collect$$libinit$$00000002)
    .ARM.Collect$$libinit$$00000004          0x00000158   Section        0  libinit2.o(.ARM.Collect$$libinit$$00000004)
    .ARM.Collect$$libinit$$0000000A          0x00000158   Section        0  libinit2.o(.ARM.Collect$$libinit$$0000000A)
    .ARM.Collect$$libinit$$0000000C          0x00000158   Section        0  libinit2.o(.ARM.Collect$$libinit$$0000000C)
    .ARM.Collect$$libinit$$0000000E          0x00000158   Section        0  libinit2.o(.ARM.Collect$$libinit$$0000000E)
    .ARM.Collect$$libinit$$0000000F          0x00000158   Section        6  libinit2.o(.ARM.Collect$$libinit$$0000000F)
    .ARM.Collect$$libinit$$00000011          0x0000015e   Section        0  libinit2.o(.ARM.Collect$$libinit$$00000011)
    .ARM.Collect$$libinit$$00000013          0x0000015e   Section        0  libinit2.o(.ARM.Collect$$libinit$$00000013)
    .ARM.Collect$$libinit$$00000015          0x0000015e   Section        0  libinit2.o(.ARM.Collect$$libinit$$00000015)
    .ARM.Collect$$libinit$$00000016          0x0000015e   Section       10  libinit2.o(.ARM.Collect$$libinit$$00000016)
    .ARM.Collect$$libinit$$00000017          0x00000168   Section        0  libinit2.o(.ARM.Collect$$libinit$$00000017)
    .ARM.Collect$$libinit$$00000019          0x00000168   Section        0  libinit2.o(.ARM.Collect$$libinit$$00000019)
    .ARM.Collect$$libinit$$0000001B          0x00000168   Section        0  libinit2.o(.ARM.Collect$$libinit$$0000001B)
    .ARM.Collect$$libinit$$0000001D          0x00000168   Section        0  libinit2.o(.ARM.Collect$$libinit$$0000001D)
    .ARM.Collect$$libinit$$0000001F          0x00000168   Section        0  libinit2.o(.ARM.Collect$$libinit$$0000001F)
    .ARM.Collect$$libinit$$00000021          0x00000168   Section        0  libinit2.o(.ARM.Collect$$libinit$$00000021)
    .ARM.Collect$$libinit$$00000023          0x00000168   Section        0  libinit2.o(.ARM.Collect$$libinit$$00000023)
    .ARM.Collect$$libinit$$00000025          0x00000168   Section        0  libinit2.o(.ARM.Collect$$libinit$$00000025)
    .ARM.Collect$$libinit$$0000002C          0x00000168   Section        0  libinit2.o(.ARM.Collect$$libinit$$0000002C)
    .ARM.Collect$$libinit$$0000002E          0x00000168   Section        0  libinit2.o(.ARM.Collect$$libinit$$0000002E)
    .ARM.Collect$$libinit$$00000030          0x00000168   Section        0  libinit2.o(.ARM.Collect$$libinit$$00000030)
    .ARM.Collect$$libinit$$00000032          0x00000168   Section        0  libinit2.o(.ARM.Collect$$libinit$$00000032)
    .ARM.Collect$$libinit$$00000033          0x00000168   Section        2  libinit2.o(.ARM.Collect$$libinit$$00000033)
    .ARM.Collect$$libshutdown$$00000000      0x0000016a   Section        2  libshutdown.o(.ARM.Collect$$libshutdown$$00000000)
    .ARM.Collect$$libshutdown$$00000002      0x0000016c   Section        0  libshutdown2.o(.ARM.Collect$$libshutdown$$00000002)
    .ARM.Collect$$libshutdown$$00000004      0x0000016c   Section        0  libshutdown2.o(.ARM.Collect$$libshutdown$$00000004)
    .ARM.Collect$$libshutdown$$00000007      0x0000016c   Section        0  libshutdown2.o(.ARM.Collect$$libshutdown$$00000007)
    .ARM.Collect$$libshutdown$$0000000A      0x0000016c   Section        0  libshutdown2.o(.ARM.Collect$$libshutdown$$0000000A)
    .ARM.Collect$$libshutdown$$0000000C      0x0000016c   Section        0  libshutdown2.o(.ARM.Collect$$libshutdown$$0000000C)
    .ARM.Collect$$libshutdown$$0000000F      0x0000016c   Section        0  libshutdown2.o(.ARM.Collect$$libshutdown$$0000000F)
    .ARM.Collect$$libshutdown$$00000010      0x0000016c   Section        2  libshutdown2.o(.ARM.Collect$$libshutdown$$00000010)
    .ARM.Collect$$rtentry$$00000000          0x0000016e   Section        0  __rtentry.o(.ARM.Collect$$rtentry$$00000000)
    .ARM.Collect$$rtentry$$00000002          0x0000016e   Section        0  __rtentry2.o(.ARM.Collect$$rtentry$$00000002)
    .ARM.Collect$$rtentry$$00000004          0x0000016e   Section        6  __rtentry4.o(.ARM.Collect$$rtentry$$00000004)
    .ARM.Collect$$rtentry$$00000009          0x00000174   Section        0  __rtentry2.o(.ARM.Collect$$rtentry$$00000009)
    .ARM.Collect$$rtentry$$0000000A          0x00000174   Section        4  __rtentry2.o(.ARM.Collect$$rtentry$$0000000A)
    .ARM.Collect$$rtentry$$0000000C          0x00000178   Section        0  __rtentry2.o(.ARM.Collect$$rtentry$$0000000C)
    .ARM.Collect$$rtentry$$0000000D          0x00000178   Section        8  __rtentry2.o(.ARM.Collect$$rtentry$$0000000D)
    .ARM.Collect$$rtexit$$00000000           0x00000180   Section        2  rtexit.o(.ARM.Collect$$rtexit$$00000000)
    .ARM.Collect$$rtexit$$00000002           0x00000182   Section        0  rtexit2.o(.ARM.Collect$$rtexit$$00000002)
    .ARM.Collect$$rtexit$$00000003           0x00000182   Section        4  rtexit2.o(.ARM.Collect$$rtexit$$00000003)
    .ARM.Collect$$rtexit$$00000004           0x00000186   Section        6  rtexit2.o(.ARM.Collect$$rtexit$$00000004)
    .text                                    0x0000018c   Section       52  startup_lpc11xx.o(.text)
    .text                                    0x000001c0   Section        0  noretval__2sprintf.o(.text)
    .text                                    0x000001e8   Section        0  __printf.o(.text)
    .text                                    0x00000254   Section        0  _printf_dec.o(.text)
    .text                                    0x000002c0   Section        0  heapauxi.o(.text)
    .text                                    0x000002c8   Section        0  _printf_char_common.o(.text)
    _printf_input_char                       0x000002c9   Thumb Code    10  _printf_char_common.o(.text)
    .text                                    0x000002f8   Section        2  use_no_semi.o(.text)
    .text                                    0x000002fa   Section        0  indicate_semi.o(.text)
    x$fpl$usenofp                            0x000002fa   Section        0  usenofp.o(x$fpl$usenofp)
    .ARM.__at_0x02FC                         0x000002fc   Section        4  startup_lpc11xx.o(.ARM.__at_0x02FC)
    .text                                    0x00000300   Section      346  aeabi_sdiv.o(.text)
    .text                                    0x0000045c   Section        0  dfixi.o(.text)
    .text                                    0x000004c8   Section        0  dmul.o(.text)
    .text                                    0x00000710   Section        0  f2d.o(.text)
    .text                                    0x00000764   Section        0  fdiv.o(.text)
    .text                                    0x000008c4   Section        0  fflti.o(.text)
    .text                                    0x00000922   Section        0  _printf_intcommon.o(.text)
    .text                                    0x000009d4   Section        0  _printf_fp_dec.o(.text)
    _fp_digits                               0x000009d7   Thumb Code   408  _printf_fp_dec.o(.text)
    .text                                    0x00000de8   Section        0  _sputc.o(.text)
    .text                                    0x00000df2   Section        0  rtudiv10.o(.text)
    .text                                    0x00000e1c   Section        8  rt_locale_intlibspace.o(.text)
    .text                                    0x00000e24   Section        0  lludiv10.o(.text)
    .text                                    0x00000ea0   Section        0  _printf_fp_infnan.o(.text)
    .text                                    0x00000f28   Section        0  bigflt0.o(.text)
    .text                                    0x00000ff0   Section        0  btod.o(.text)
    btod_internal_mul                        0x00001031   Thumb Code   456  btod.o(.text)
    btod_internal_div                        0x000011f9   Thumb Code   494  btod.o(.text)
    .text                                    0x00001498   Section        8  libspace.o(.text)
    .text                                    0x000014a0   Section       62  sys_stackheap_outer.o(.text)
    .text                                    0x000014de   Section        0  exit.o(.text)
    .text                                    0x000014f0   Section        0  strcmp.o(.text)
    .text                                    0x00001578   Section        0  sys_exit.o(.text)
    i.Busy_Check                             0x00001584   Section        0  lcd1602.o(i.Busy_Check)
    i.DS18B20_Check                          0x000015ec   Section        0  temp.o(i.DS18B20_Check)
    i.DS18B20_Get_Temp                       0x00001658   Section        0  temp.o(i.DS18B20_Get_Temp)
    i.DS18B20_Read_Bit                       0x000016e4   Section        0  temp.o(i.DS18B20_Read_Bit)
    i.DS18B20_Read_Byte                      0x00001750   Section        0  temp.o(i.DS18B20_Read_Byte)
    i.DS18B20_Rst                            0x00001774   Section        0  temp.o(i.DS18B20_Rst)
    i.DS18B20_Start                          0x000017b8   Section        0  temp.o(i.DS18B20_Start)
    i.DS18B20_Write_Byte                     0x000017d0   Section        0  temp.o(i.DS18B20_Write_Byte)
    i.Delayms                                0x00001854   Section        0  lcd1602.o(i.Delayms)
    i.Delayus                                0x00001894   Section        0  lcd1602.o(i.Delayus)
    i.GPIOinit                               0x000018d0   Section        0  key.o(i.GPIOinit)
    i.InitLCD                                0x00001914   Section        0  lcd1602.o(i.InitLCD)
    i.KEY_1                                  0x0000194c   Section        0  key.o(i.KEY_1)
    i.KEY_2                                  0x000019b0   Section        0  key.o(i.KEY_2)
    i.KEY_3                                  0x00001a14   Section        0  key.o(i.KEY_3)
    i.KEY_4                                  0x00001a80   Section        0  key.o(i.KEY_4)
    i.KEY_5                                  0x00001aec   Section        0  key.o(i.KEY_5)
    i.LCD_DisplayStr                         0x00001b2c   Section        0  lcd1602.o(i.LCD_DisplayStr)
    i.LCD_IOInit                             0x00001b90   Section        0  lcd1602.o(i.LCD_IOInit)
    i.LCD_WriteCommand                       0x00001bc8   Section        0  lcd1602.o(i.LCD_WriteCommand)
    i.LCD_WriteData                          0x00001c34   Section        0  lcd1602.o(i.LCD_WriteData)
    i.SysTick_Handler                        0x00001ca4   Section        0  lcd1602.o(i.SysTick_Handler)
    i.SystemInit                             0x00001cb4   Section        0  system_lpc11xx.o(i.SystemInit)
    i.UART_Init                              0x00001d30   Section        0  uart.o(i.UART_Init)
    i.UART_SendStr                           0x00001ea0   Section        0  uart.o(i.UART_SendStr)
    i.UART_Sendbyte                          0x00001ebc   Section        0  uart.o(i.UART_Sendbyte)
    i.__ARM_common_ll_muluu                  0x00001ed4   Section        0  btod.o(i.__ARM_common_ll_muluu)
    i.__ARM_fpclassify                       0x00001f04   Section        0  fpclassify.o(i.__ARM_fpclassify)
    i.delay_ds                               0x00001f30   Section        0  temp.o(i.delay_ds)
    i.main                                   0x00001f4c   Section        0  main.o(i.main)
    locale$$code                             0x00002238   Section       44  lc_numeric_c.o(locale$$code)
    x$fpl$printf1                            0x00002264   Section       16  printf1.o(x$fpl$printf1)
    .constdata                               0x00002274   Section       64  fdiv.o(.constdata)
    fdiv_tab                                 0x00002274   Data          64  fdiv.o(.constdata)
    .constdata                               0x000022b4   Section      148  bigflt0.o(.constdata)
    tenpwrs_x                                0x000022b4   Data          60  bigflt0.o(.constdata)
    tenpwrs_i                                0x000022f0   Data          64  bigflt0.o(.constdata)
    locale$$data                             0x00002368   Section       28  lc_numeric_c.o(locale$$data)
    __lcnum_c_name                           0x0000236c   Data           2  lc_numeric_c.o(locale$$data)
    __lcnum_c_start                          0x00002374   Data           0  lc_numeric_c.o(locale$$data)
    __lcnum_c_point                          0x00002380   Data           0  lc_numeric_c.o(locale$$data)
    __lcnum_c_thousands                      0x00002382   Data           0  lc_numeric_c.o(locale$$data)
    __lcnum_c_grouping                       0x00002383   Data           0  lc_numeric_c.o(locale$$data)
    __lcnum_c_end                            0x00002384   Data           0  lc_numeric_c.o(locale$$data)
    .data                                    0x10000000   Section        4  main.o(.data)
    .data                                    0x10000004   Section       12  key.o(.data)
    .data                                    0x10000010   Section        1  temp.o(.data)
    .data                                    0x10000014   Section        4  lcd1602.o(.data)
    ticks                                    0x10000014   Data           4  lcd1602.o(.data)
    .data                                    0x10000018   Section        4  system_lpc11xx.o(.data)
    .bss                                     0x1000001c   Section       32  main.o(.bss)
    .bss                                     0x1000003c   Section       96  libspace.o(.bss)
    HEAP                                     0x100000a0   Section        0  startup_lpc11xx.o(HEAP)
    STACK                                    0x100000a0   Section     1024  startup_lpc11xx.o(STACK)
    Heap_Mem                                 0x100000a0   Data           0  startup_lpc11xx.o(HEAP)
    Stack_Mem                                0x100000a0   Data        1024  startup_lpc11xx.o(STACK)
    __initial_sp                             0x100004a0   Data           0  startup_lpc11xx.o(STACK)

    Global Symbols

    Symbol Name                              Value     Ov Type        Size  Object(Section)

    BuildAttributes$$THM_ISAv3M$S$PE$A:L22$X:L11$S22$IEEE1$IW$USESV6$~STKCKD$USESV7$~SHL$OTIME$ROPI$IEEEJ$EBA8$UX$STANDARDLIB$REQ8$PRES8$EABIv2 0x00000000   Number         0  anon$$obj.o ABSOLUTE
    __ARM_use_no_argv                        0x00000000   Number         0  main.o ABSOLUTE
    __Vectors                                0x00000000   Data           4  startup_lpc11xx.o(RESET)
    __ARM_exceptions_init                     - Undefined Weak Reference
    __alloca_initialize                       - Undefined Weak Reference
    __arm_preinit_                            - Undefined Weak Reference
    __cpp_initialize__aeabi_                  - Undefined Weak Reference
    __cxa_finalize                            - Undefined Weak Reference
    __sigvec_lookup                           - Undefined Weak Reference
    _atexit_init                              - Undefined Weak Reference
    _call_atexit_fns                          - Undefined Weak Reference
    _clock_init                               - Undefined Weak Reference
    _fp_trap_init                             - Undefined Weak Reference
    _fp_trap_shutdown                         - Undefined Weak Reference
    _get_lc_collate                           - Undefined Weak Reference
    _get_lc_ctype                             - Undefined Weak Reference
    _get_lc_monetary                          - Undefined Weak Reference
    _get_lc_time                              - Undefined Weak Reference
    _getenv_init                              - Undefined Weak Reference
    _handle_redirection                       - Undefined Weak Reference
    _init_alloc                               - Undefined Weak Reference
    _init_user_alloc                          - Undefined Weak Reference
    _initio                                   - Undefined Weak Reference
    _printf_post_padding                      - Undefined Weak Reference
    _printf_pre_padding                       - Undefined Weak Reference
    _printf_truncate_signed                   - Undefined Weak Reference
    _printf_truncate_unsigned                 - Undefined Weak Reference
    _rand_init                                - Undefined Weak Reference
    _signal_finish                            - Undefined Weak Reference
    _signal_init                              - Undefined Weak Reference
    _terminate_alloc                          - Undefined Weak Reference
    _terminate_user_alloc                     - Undefined Weak Reference
    _terminateio                              - Undefined Weak Reference
    __main                                   0x000000c1   Thumb Code     8  __main.o(!!!main)
    __scatterload                            0x000000c9   Thumb Code     0  __scatter.o(!!!scatter)
    __scatterload_rt2                        0x000000c9   Thumb Code    52  __scatter.o(!!!scatter)
    __scatterload_rt2_thumb_only             0x000000c9   Thumb Code     0  __scatter.o(!!!scatter)
    __scatterload_null                       0x000000d9   Thumb Code     0  __scatter.o(!!!scatter)
    __scatterload_copy                       0x00000105   Thumb Code    26  __scatter_copy.o(!!handler_copy)
    __scatterload_zeroinit                   0x00000121   Thumb Code    28  __scatter_zi.o(!!handler_zi)
    _printf_percent                          0x0000013d   Thumb Code     0  _printf_percent.o(.ARM.Collect$$_printf_percent$$00000000)
    _printf_f                                0x0000013f   Thumb Code     0  _printf_f.o(.ARM.Collect$$_printf_percent$$00000003)
    _printf_d                                0x00000149   Thumb Code     0  _printf_d.o(.ARM.Collect$$_printf_percent$$00000009)
    _printf_percent_end                      0x00000153   Thumb Code     0  _printf_percent_end.o(.ARM.Collect$$_printf_percent$$00000017)
    __rt_lib_init                            0x00000157   Thumb Code     0  libinit.o(.ARM.Collect$$libinit$$00000000)
    __rt_lib_init_fp_1                       0x00000159   Thumb Code     0  libinit2.o(.ARM.Collect$$libinit$$00000002)
    __rt_lib_init_heap_1                     0x00000159   Thumb Code     0  libinit2.o(.ARM.Collect$$libinit$$0000000A)
    __rt_lib_init_lc_common                  0x00000159   Thumb Code     0  libinit2.o(.ARM.Collect$$libinit$$0000000F)
    __rt_lib_init_preinit_1                  0x00000159   Thumb Code     0  libinit2.o(.ARM.Collect$$libinit$$00000004)
    __rt_lib_init_rand_1                     0x00000159   Thumb Code     0  libinit2.o(.ARM.Collect$$libinit$$0000000E)
    __rt_lib_init_user_alloc_1               0x00000159   Thumb Code     0  libinit2.o(.ARM.Collect$$libinit$$0000000C)
    __rt_lib_init_lc_collate_1               0x0000015f   Thumb Code     0  libinit2.o(.ARM.Collect$$libinit$$00000011)
    __rt_lib_init_lc_ctype_1                 0x0000015f   Thumb Code     0  libinit2.o(.ARM.Collect$$libinit$$00000013)
    __rt_lib_init_lc_monetary_1              0x0000015f   Thumb Code     0  libinit2.o(.ARM.Collect$$libinit$$00000015)
    __rt_lib_init_lc_numeric_2               0x0000015f   Thumb Code     0  libinit2.o(.ARM.Collect$$libinit$$00000016)
    __rt_lib_init_alloca_1                   0x00000169   Thumb Code     0  libinit2.o(.ARM.Collect$$libinit$$0000002E)
    __rt_lib_init_argv_1                     0x00000169   Thumb Code     0  libinit2.o(.ARM.Collect$$libinit$$0000002C)
    __rt_lib_init_atexit_1                   0x00000169   Thumb Code     0  libinit2.o(.ARM.Collect$$libinit$$0000001B)
    __rt_lib_init_clock_1                    0x00000169   Thumb Code     0  libinit2.o(.ARM.Collect$$libinit$$00000021)
    __rt_lib_init_cpp_1                      0x00000169   Thumb Code     0  libinit2.o(.ARM.Collect$$libinit$$00000032)
    __rt_lib_init_exceptions_1               0x00000169   Thumb Code     0  libinit2.o(.ARM.Collect$$libinit$$00000030)
    __rt_lib_init_fp_trap_1                  0x00000169   Thumb Code     0  libinit2.o(.ARM.Collect$$libinit$$0000001F)
    __rt_lib_init_getenv_1                   0x00000169   Thumb Code     0  libinit2.o(.ARM.Collect$$libinit$$00000023)
    __rt_lib_init_lc_numeric_1               0x00000169   Thumb Code     0  libinit2.o(.ARM.Collect$$libinit$$00000017)
    __rt_lib_init_lc_time_1                  0x00000169   Thumb Code     0  libinit2.o(.ARM.Collect$$libinit$$00000019)
    __rt_lib_init_return                     0x00000169   Thumb Code     0  libinit2.o(.ARM.Collect$$libinit$$00000033)
    __rt_lib_init_signal_1                   0x00000169   Thumb Code     0  libinit2.o(.ARM.Collect$$libinit$$0000001D)
    __rt_lib_init_stdio_1                    0x00000169   Thumb Code     0  libinit2.o(.ARM.Collect$$libinit$$00000025)
    __rt_lib_shutdown                        0x0000016b   Thumb Code     0  libshutdown.o(.ARM.Collect$$libshutdown$$00000000)
    __rt_lib_shutdown_cpp_1                  0x0000016d   Thumb Code     0  libshutdown2.o(.ARM.Collect$$libshutdown$$00000002)
    __rt_lib_shutdown_fp_trap_1              0x0000016d   Thumb Code     0  libshutdown2.o(.ARM.Collect$$libshutdown$$00000007)
    __rt_lib_shutdown_heap_1                 0x0000016d   Thumb Code     0  libshutdown2.o(.ARM.Collect$$libshutdown$$0000000F)
    __rt_lib_shutdown_return                 0x0000016d   Thumb Code     0  libshutdown2.o(.ARM.Collect$$libshutdown$$00000010)
    __rt_lib_shutdown_signal_1               0x0000016d   Thumb Code     0  libshutdown2.o(.ARM.Collect$$libshutdown$$0000000A)
    __rt_lib_shutdown_stdio_1                0x0000016d   Thumb Code     0  libshutdown2.o(.ARM.Collect$$libshutdown$$00000004)
    __rt_lib_shutdown_user_alloc_1           0x0000016d   Thumb Code     0  libshutdown2.o(.ARM.Collect$$libshutdown$$0000000C)
    __rt_entry                               0x0000016f   Thumb Code     0  __rtentry.o(.ARM.Collect$$rtentry$$00000000)
    __rt_entry_presh_1                       0x0000016f   Thumb Code     0  __rtentry2.o(.ARM.Collect$$rtentry$$00000002)
    __rt_entry_sh                            0x0000016f   Thumb Code     0  __rtentry4.o(.ARM.Collect$$rtentry$$00000004)
    __rt_entry_li                            0x00000175   Thumb Code     0  __rtentry2.o(.ARM.Collect$$rtentry$$0000000A)
    __rt_entry_postsh_1                      0x00000175   Thumb Code     0  __rtentry2.o(.ARM.Collect$$rtentry$$00000009)
    __rt_entry_main                          0x00000179   Thumb Code     0  __rtentry2.o(.ARM.Collect$$rtentry$$0000000D)
    __rt_entry_postli_1                      0x00000179   Thumb Code     0  __rtentry2.o(.ARM.Collect$$rtentry$$0000000C)
    __rt_exit                                0x00000181   Thumb Code     0  rtexit.o(.ARM.Collect$$rtexit$$00000000)
    __rt_exit_ls                             0x00000183   Thumb Code     0  rtexit2.o(.ARM.Collect$$rtexit$$00000003)
    __rt_exit_prels_1                        0x00000183   Thumb Code     0  rtexit2.o(.ARM.Collect$$rtexit$$00000002)
    __rt_exit_exit                           0x00000187   Thumb Code     0  rtexit2.o(.ARM.Collect$$rtexit$$00000004)
    Reset_Handler                            0x0000018d   Thumb Code     8  startup_lpc11xx.o(.text)
    NMI_Handler                              0x00000195   Thumb Code     2  startup_lpc11xx.o(.text)
    HardFault_Handler                        0x00000197   Thumb Code     2  startup_lpc11xx.o(.text)
    SVC_Handler                              0x00000199   Thumb Code     2  startup_lpc11xx.o(.text)
    PendSV_Handler                           0x0000019b   Thumb Code     2  startup_lpc11xx.o(.text)
    ADC_IRQHandler                           0x0000019f   Thumb Code     0  startup_lpc11xx.o(.text)
    BOD_IRQHandler                           0x0000019f   Thumb Code     0  startup_lpc11xx.o(.text)
    CAN_IRQHandler                           0x0000019f   Thumb Code     0  startup_lpc11xx.o(.text)
    FMC_IRQHandler                           0x0000019f   Thumb Code     0  startup_lpc11xx.o(.text)
    I2C_IRQHandler                           0x0000019f   Thumb Code     0  startup_lpc11xx.o(.text)
    PIOINT0_IRQHandler                       0x0000019f   Thumb Code     0  startup_lpc11xx.o(.text)
    PIOINT1_IRQHandler                       0x0000019f   Thumb Code     0  startup_lpc11xx.o(.text)
    PIOINT2_IRQHandler                       0x0000019f   Thumb Code     0  startup_lpc11xx.o(.text)
    PIOINT3_IRQHandler                       0x0000019f   Thumb Code     0  startup_lpc11xx.o(.text)
    SSP0_IRQHandler                          0x0000019f   Thumb Code     0  startup_lpc11xx.o(.text)
    SSP1_IRQHandler                          0x0000019f   Thumb Code     0  startup_lpc11xx.o(.text)
    TIMER16_0_IRQHandler                     0x0000019f   Thumb Code     0  startup_lpc11xx.o(.text)
    TIMER16_1_IRQHandler                     0x0000019f   Thumb Code     0  startup_lpc11xx.o(.text)
    TIMER32_0_IRQHandler                     0x0000019f   Thumb Code     0  startup_lpc11xx.o(.text)
    TIMER32_1_IRQHandler                     0x0000019f   Thumb Code     0  startup_lpc11xx.o(.text)
    UART_IRQHandler                          0x0000019f   Thumb Code     0  startup_lpc11xx.o(.text)
    USB_FIQHandler                           0x0000019f   Thumb Code     0  startup_lpc11xx.o(.text)
    USB_IRQHandler                           0x0000019f   Thumb Code     0  startup_lpc11xx.o(.text)
    WAKEUP_IRQHandler                        0x0000019f   Thumb Code     0  startup_lpc11xx.o(.text)
    WDT_IRQHandler                           0x0000019f   Thumb Code     0  startup_lpc11xx.o(.text)
    __user_initial_stackheap                 0x000001a1   Thumb Code     0  startup_lpc11xx.o(.text)
    __2sprintf                               0x000001c1   Thumb Code    36  noretval__2sprintf.o(.text)
    __printf                                 0x000001e9   Thumb Code   108  __printf.o(.text)
    _printf_int_dec                          0x00000255   Thumb Code    90  _printf_dec.o(.text)
    __use_two_region_memory                  0x000002c1   Thumb Code     2  heapauxi.o(.text)
    __rt_heap_escrow$2region                 0x000002c3   Thumb Code     2  heapauxi.o(.text)
    __rt_heap_expand$2region                 0x000002c5   Thumb Code     2  heapauxi.o(.text)
    _printf_char_common                      0x000002d3   Thumb Code    32  _printf_char_common.o(.text)
    __I$use$semihosting                      0x000002f9   Thumb Code     0  use_no_semi.o(.text)
    __use_no_semihosting_swi                 0x000002f9   Thumb Code     2  use_no_semi.o(.text)
    __I$use$fp                               0x000002fa   Number         0  usenofp.o(x$fpl$usenofp)
    __semihosting_library_function           0x000002fb   Thumb Code     0  indicate_semi.o(.text)
    __aeabi_uidiv                            0x00000301   Thumb Code     0  aeabi_sdiv.o(.text)
    __aeabi_uidivmod                         0x00000301   Thumb Code    20  aeabi_sdiv.o(.text)
    __aeabi_idiv                             0x00000315   Thumb Code     0  aeabi_sdiv.o(.text)
    __aeabi_idivmod                          0x00000315   Thumb Code   326  aeabi_sdiv.o(.text)
    __aeabi_d2iz                             0x0000045d   Thumb Code     0  dfixi.o(.text)
    _dfix                                    0x0000045d   Thumb Code    98  dfixi.o(.text)
    __aeabi_dmul                             0x000004c9   Thumb Code     0  dmul.o(.text)
    _dmul                                    0x000004c9   Thumb Code   558  dmul.o(.text)
    __aeabi_f2d                              0x00000711   Thumb Code     0  f2d.o(.text)
    _f2d                                     0x00000711   Thumb Code    80  f2d.o(.text)
    __aeabi_fdiv                             0x00000765   Thumb Code     0  fdiv.o(.text)
    _fdiv                                    0x00000765   Thumb Code   334  fdiv.o(.text)
    _frdiv                                   0x000008b3   Thumb Code     8  fdiv.o(.text)
    __aeabi_i2f_normalise                    0x000008c5   Thumb Code    72  fflti.o(.text)
    __aeabi_i2f                              0x0000090d   Thumb Code    16  fflti.o(.text)
    _fflt                                    0x0000090d   Thumb Code     0  fflti.o(.text)
    __aeabi_ui2f                             0x0000091d   Thumb Code     6  fflti.o(.text)
    _ffltu                                   0x0000091d   Thumb Code     0  fflti.o(.text)
    _printf_int_common                       0x00000923   Thumb Code   176  _printf_intcommon.o(.text)
    __lib_sel_fp_printf                      0x000009d5   Thumb Code     2  _printf_fp_dec.o(.text)
    _printf_fp_dec_real                      0x00000b6f   Thumb Code   620  _printf_fp_dec.o(.text)
    _sputc                                   0x00000de9   Thumb Code    10  _sputc.o(.text)
    __rt_udiv10                              0x00000df3   Thumb Code    40  rtudiv10.o(.text)
    __rt_locale                              0x00000e1d   Thumb Code     8  rt_locale_intlibspace.o(.text)
    _ll_udiv10                               0x00000e25   Thumb Code   122  lludiv10.o(.text)
    _printf_fp_infnan                        0x00000ea1   Thumb Code   120  _printf_fp_infnan.o(.text)
    _btod_etento                             0x00000f29   Thumb Code   196  bigflt0.o(.text)
    _btod_d2e                                0x00000ff1   Thumb Code    64  btod.o(.text)
    _btod_emul                               0x000013e7   Thumb Code    24  btod.o(.text)
    _btod_emuld                              0x000013ff   Thumb Code    60  btod.o(.text)
    _btod_ediv                               0x0000143b   Thumb Code    22  btod.o(.text)
    _btod_edivd                              0x00001451   Thumb Code    60  btod.o(.text)
    __user_libspace                          0x00001499   Thumb Code     8  libspace.o(.text)
    __user_perproc_libspace                  0x00001499   Thumb Code     0  libspace.o(.text)
    __user_perthread_libspace                0x00001499   Thumb Code     0  libspace.o(.text)
    __user_setup_stackheap                   0x000014a1   Thumb Code    62  sys_stackheap_outer.o(.text)
    exit                                     0x000014df   Thumb Code    16  exit.o(.text)
    strcmp                                   0x000014f1   Thumb Code   132  strcmp.o(.text)
    _sys_exit                                0x00001579   Thumb Code     8  sys_exit.o(.text)
    Busy_Check                               0x00001585   Thumb Code    96  lcd1602.o(i.Busy_Check)
    DS18B20_Check                            0x000015ed   Thumb Code   100  temp.o(i.DS18B20_Check)
    DS18B20_Get_Temp                         0x00001659   Thumb Code   130  temp.o(i.DS18B20_Get_Temp)
    DS18B20_Read_Bit                         0x000016e5   Thumb Code   100  temp.o(i.DS18B20_Read_Bit)
    DS18B20_Read_Byte                        0x00001751   Thumb Code    34  temp.o(i.DS18B20_Read_Byte)
    DS18B20_Rst                              0x00001775   Thumb Code    60  temp.o(i.DS18B20_Rst)
    DS18B20_Start                            0x000017b9   Thumb Code    24  temp.o(i.DS18B20_Start)
    DS18B20_Write_Byte                       0x000017d1   Thumb Code   124  temp.o(i.DS18B20_Write_Byte)
    Delayms                                  0x00001855   Thumb Code    50  lcd1602.o(i.Delayms)
    Delayus                                  0x00001895   Thumb Code    50  lcd1602.o(i.Delayus)
    GPIOinit                                 0x000018d1   Thumb Code    62  key.o(i.GPIOinit)
    InitLCD                                  0x00001915   Thumb Code    56  lcd1602.o(i.InitLCD)
    KEY_1                                    0x0000194d   Thumb Code    92  key.o(i.KEY_1)
    KEY_2                                    0x000019b1   Thumb Code    92  key.o(i.KEY_2)
    KEY_3                                    0x00001a15   Thumb Code    90  key.o(i.KEY_3)
    KEY_4                                    0x00001a81   Thumb Code    90  key.o(i.KEY_4)
    KEY_5                                    0x00001aed   Thumb Code    60  key.o(i.KEY_5)
    LCD_DisplayStr                           0x00001b2d   Thumb Code    94  lcd1602.o(i.LCD_DisplayStr)
    LCD_IOInit                               0x00001b91   Thumb Code    38  lcd1602.o(i.LCD_IOInit)
    LCD_WriteCommand                         0x00001bc9   Thumb Code   104  lcd1602.o(i.LCD_WriteCommand)
    LCD_WriteData                            0x00001c35   Thumb Code   106  lcd1602.o(i.LCD_WriteData)
    SysTick_Handler                          0x00001ca5   Thumb Code    12  lcd1602.o(i.SysTick_Handler)
    SystemInit                               0x00001cb5   Thumb Code   116  system_lpc11xx.o(i.SystemInit)
    UART_Init                                0x00001d31   Thumb Code   342  uart.o(i.UART_Init)
    UART_SendStr                             0x00001ea1   Thumb Code    28  uart.o(i.UART_SendStr)
    UART_Sendbyte                            0x00001ebd   Thumb Code    20  uart.o(i.UART_Sendbyte)
    __ARM_common_ll_muluu                    0x00001ed5   Thumb Code    48  btod.o(i.__ARM_common_ll_muluu)
    __ARM_fpclassify                         0x00001f05   Thumb Code    40  fpclassify.o(i.__ARM_fpclassify)
    delay_ds                                 0x00001f31   Thumb Code    26  temp.o(i.delay_ds)
    main                                     0x00001f4d   Thumb Code   482  main.o(i.main)
    _get_lc_numeric                          0x00002239   Thumb Code    44  lc_numeric_c.o(locale$$code)
    _printf_fp_dec                           0x00002265   Thumb Code    16  printf1.o(x$fpl$printf1)
    Region$$Table$$Base                      0x00002348   Number         0  anon$$obj.o(Region$$Table)
    Region$$Table$$Limit                     0x00002368   Number         0  anon$$obj.o(Region$$Table)
    temperature                              0x10000000   Data           4  main.o(.data)
    up                                       0x10000004   Data           4  key.o(.data)
    set_temperature_MAX                      0x10000008   Data           4  key.o(.data)
    set_temperature_MIN                      0x1000000c   Data           4  key.o(.data)
    temp_sign                                0x10000010   Data           1  temp.o(.data)
    SystemCoreClock                          0x10000018   Data           4  system_lpc11xx.o(.data)
    GcRcvBuf1                                0x1000001c   Data          16  main.o(.bss)
    GcRcvBuf2                                0x1000002c   Data          16  main.o(.bss)
    __libspace_start                         0x1000003c   Data          96  libspace.o(.bss)
    __temporary_stack_top$libspace           0x1000009c   Data           0  libspace.o(.bss)



==============================================================================

Memory Map of the image

  Image Entry point : 0x000000c1

  Load Region LR_IROM1 (Base: 0x00000000, Size: 0x000023a0, Max: 0x00008000, ABSOLUTE)

    Execution Region ER_IROM1 (Base: 0x00000000, Size: 0x00002384, Max: 0x00008000, ABSOLUTE)

    Base Addr    Size         Type   Attr      Idx    E Section Name        Object

    0x00000000   0x000000c0   Data   RO          333    RESET               startup_lpc11xx.o
    0x000000c0   0x00000008   Code   RO          426  * !!!main             c_p.l(__main.o)
    0x000000c8   0x0000003c   Code   RO          647    !!!scatter          c_p.l(__scatter.o)
    0x00000104   0x0000001a   Code   RO          649    !!handler_copy      c_p.l(__scatter_copy.o)
    0x0000011e   0x00000002   PAD
    0x00000120   0x0000001c   Code   RO          651    !!handler_zi        c_p.l(__scatter_zi.o)
    0x0000013c   0x00000002   Code   RO          419    .ARM.Collect$$_printf_percent$$00000000  c_p.l(_printf_percent.o)
    0x0000013e   0x0000000a   Code   RO          418    .ARM.Collect$$_printf_percent$$00000003  c_p.l(_printf_f.o)
    0x00000148   0x0000000a   Code   RO          417    .ARM.Collect$$_printf_percent$$00000009  c_p.l(_printf_d.o)
    0x00000152   0x00000004   Code   RO          454    .ARM.Collect$$_printf_percent$$00000017  c_p.l(_printf_percent_end.o)
    0x00000156   0x00000002   Code   RO          519    .ARM.Collect$$libinit$$00000000  c_p.l(libinit.o)
    0x00000158   0x00000000   Code   RO          521    .ARM.Collect$$libinit$$00000002  c_p.l(libinit2.o)
    0x00000158   0x00000000   Code   RO          523    .ARM.Collect$$libinit$$00000004  c_p.l(libinit2.o)
    0x00000158   0x00000000   Code   RO          526    .ARM.Collect$$libinit$$0000000A  c_p.l(libinit2.o)
    0x00000158   0x00000000   Code   RO          528    .ARM.Collect$$libinit$$0000000C  c_p.l(libinit2.o)
    0x00000158   0x00000000   Code   RO          530    .ARM.Collect$$libinit$$0000000E  c_p.l(libinit2.o)
    0x00000158   0x00000006   Code   RO          531    .ARM.Collect$$libinit$$0000000F  c_p.l(libinit2.o)
    0x0000015e   0x00000000   Code   RO          533    .ARM.Collect$$libinit$$00000011  c_p.l(libinit2.o)
    0x0000015e   0x00000000   Code   RO          535    .ARM.Collect$$libinit$$00000013  c_p.l(libinit2.o)
    0x0000015e   0x00000000   Code   RO          537    .ARM.Collect$$libinit$$00000015  c_p.l(libinit2.o)
    0x0000015e   0x0000000a   Code   RO          538    .ARM.Collect$$libinit$$00000016  c_p.l(libinit2.o)
    0x00000168   0x00000000   Code   RO          539    .ARM.Collect$$libinit$$00000017  c_p.l(libinit2.o)
    0x00000168   0x00000000   Code   RO          541    .ARM.Collect$$libinit$$00000019  c_p.l(libinit2.o)
    0x00000168   0x00000000   Code   RO          543    .ARM.Collect$$libinit$$0000001B  c_p.l(libinit2.o)
    0x00000168   0x00000000   Code   RO          545    .ARM.Collect$$libinit$$0000001D  c_p.l(libinit2.o)
    0x00000168   0x00000000   Code   RO          547    .ARM.Collect$$libinit$$0000001F  c_p.l(libinit2.o)
    0x00000168   0x00000000   Code   RO          549    .ARM.Collect$$libinit$$00000021  c_p.l(libinit2.o)
    0x00000168   0x00000000   Code   RO          551    .ARM.Collect$$libinit$$00000023  c_p.l(libinit2.o)
    0x00000168   0x00000000   Code   RO          553    .ARM.Collect$$libinit$$00000025  c_p.l(libinit2.o)
    0x00000168   0x00000000   Code   RO          557    .ARM.Collect$$libinit$$0000002C  c_p.l(libinit2.o)
    0x00000168   0x00000000   Code   RO          559    .ARM.Collect$$libinit$$0000002E  c_p.l(libinit2.o)
    0x00000168   0x00000000   Code   RO          561    .ARM.Collect$$libinit$$00000030  c_p.l(libinit2.o)
    0x00000168   0x00000000   Code   RO          563    .ARM.Collect$$libinit$$00000032  c_p.l(libinit2.o)
    0x00000168   0x00000002   Code   RO          564    .ARM.Collect$$libinit$$00000033  c_p.l(libinit2.o)
    0x0000016a   0x00000002   Code   RO          612    .ARM.Collect$$libshutdown$$00000000  c_p.l(libshutdown.o)
    0x0000016c   0x00000000   Code   RO          630    .ARM.Collect$$libshutdown$$00000002  c_p.l(libshutdown2.o)
    0x0000016c   0x00000000   Code   RO          632    .ARM.Collect$$libshutdown$$00000004  c_p.l(libshutdown2.o)
    0x0000016c   0x00000000   Code   RO          635    .ARM.Collect$$libshutdown$$00000007  c_p.l(libshutdown2.o)
    0x0000016c   0x00000000   Code   RO          638    .ARM.Collect$$libshutdown$$0000000A  c_p.l(libshutdown2.o)
    0x0000016c   0x00000000   Code   RO          640    .ARM.Collect$$libshutdown$$0000000C  c_p.l(libshutdown2.o)
    0x0000016c   0x00000000   Code   RO          643    .ARM.Collect$$libshutdown$$0000000F  c_p.l(libshutdown2.o)
    0x0000016c   0x00000002   Code   RO          644    .ARM.Collect$$libshutdown$$00000010  c_p.l(libshutdown2.o)
    0x0000016e   0x00000000   Code   RO          441    .ARM.Collect$$rtentry$$00000000  c_p.l(__rtentry.o)
    0x0000016e   0x00000000   Code   RO          459    .ARM.Collect$$rtentry$$00000002  c_p.l(__rtentry2.o)
    0x0000016e   0x00000006   Code   RO          471    .ARM.Collect$$rtentry$$00000004  c_p.l(__rtentry4.o)
    0x00000174   0x00000000   Code   RO          461    .ARM.Collect$$rtentry$$00000009  c_p.l(__rtentry2.o)
    0x00000174   0x00000004   Code   RO          462    .ARM.Collect$$rtentry$$0000000A  c_p.l(__rtentry2.o)
    0x00000178   0x00000000   Code   RO          464    .ARM.Collect$$rtentry$$0000000C  c_p.l(__rtentry2.o)
    0x00000178   0x00000008   Code   RO          465    .ARM.Collect$$rtentry$$0000000D  c_p.l(__rtentry2.o)
    0x00000180   0x00000002   Code   RO          566    .ARM.Collect$$rtexit$$00000000  c_p.l(rtexit.o)
    0x00000182   0x00000000   Code   RO          581    .ARM.Collect$$rtexit$$00000002  c_p.l(rtexit2.o)
    0x00000182   0x00000004   Code   RO          582    .ARM.Collect$$rtexit$$00000003  c_p.l(rtexit2.o)
    0x00000186   0x00000006   Code   RO          583    .ARM.Collect$$rtexit$$00000004  c_p.l(rtexit2.o)
    0x0000018c   0x00000034   Code   RO          335    .text               startup_lpc11xx.o
    0x000001c0   0x00000028   Code   RO          391    .text               c_p.l(noretval__2sprintf.o)
    0x000001e8   0x0000006c   Code   RO          393    .text               c_p.l(__printf.o)
    0x00000254   0x0000006c   Code   RO          395    .text               c_p.l(_printf_dec.o)
    0x000002c0   0x00000006   Code   RO          424    .text               c_p.l(heapauxi.o)
    0x000002c6   0x00000002   PAD
    0x000002c8   0x00000030   Code   RO          450    .text               c_p.l(_printf_char_common.o)
    0x000002f8   0x00000002   Code   RO          599    .text               c_p.l(use_no_semi.o)
    0x000002fa   0x00000000   Code   RO          601    .text               c_p.l(indicate_semi.o)
    0x000002fa   0x00000000   Code   RO          457    x$fpl$usenofp       fz_ps.l(usenofp.o)
    0x000002fa   0x00000002   PAD
    0x000002fc   0x00000004   Code   RO          334    .ARM.__at_0x02FC    startup_lpc11xx.o
    0x00000300   0x0000015a   Code   RO          420    .text               c_p.l(aeabi_sdiv.o)
    0x0000045a   0x00000002   PAD
    0x0000045c   0x0000006c   Code   RO          428    .text               fz_ps.l(dfixi.o)
    0x000004c8   0x00000248   Code   RO          430    .text               fz_ps.l(dmul.o)
    0x00000710   0x00000054   Code   RO          432    .text               fz_ps.l(f2d.o)
    0x00000764   0x00000160   Code   RO          434    .text               fz_ps.l(fdiv.o)
    0x000008c4   0x0000005e   Code   RO          437    .text               fz_ps.l(fflti.o)
    0x00000922   0x000000b0   Code   RO          446    .text               c_p.l(_printf_intcommon.o)
    0x000009d2   0x00000002   PAD
    0x000009d4   0x00000414   Code   RO          448    .text               c_p.l(_printf_fp_dec.o)
    0x00000de8   0x0000000a   Code   RO          452    .text               c_p.l(_sputc.o)
    0x00000df2   0x00000028   Code   RO          455    .text               c_p.l(rtudiv10.o)
    0x00000e1a   0x00000002   PAD
    0x00000e1c   0x00000008   Code   RO          478    .text               c_p.l(rt_locale_intlibspace.o)
    0x00000e24   0x0000007a   Code   RO          480    .text               c_p.l(lludiv10.o)
    0x00000e9e   0x00000002   PAD
    0x00000ea0   0x00000088   Code   RO          482    .text               c_p.l(_printf_fp_infnan.o)
    0x00000f28   0x000000c8   Code   RO          486    .text               c_p.l(bigflt0.o)
    0x00000ff0   0x000004a8   Code   RO          489    .text               c_p.l(btod.o)
    0x00001498   0x00000008   Code   RO          500    .text               c_p.l(libspace.o)
    0x000014a0   0x0000003e   Code   RO          503    .text               c_p.l(sys_stackheap_outer.o)
    0x000014de   0x00000010   Code   RO          506    .text               c_p.l(exit.o)
    0x000014ee   0x00000002   PAD
    0x000014f0   0x00000088   Code   RO          512    .text               c_p.l(strcmp.o)
    0x00001578   0x0000000c   Code   RO          578    .text               c_p.l(sys_exit.o)
    0x00001584   0x00000068   Code   RO          254    i.Busy_Check        lcd1602.o
    0x000015ec   0x0000006c   Code   RO          173    i.DS18B20_Check     temp.o
    0x00001658   0x0000008c   Code   RO          174    i.DS18B20_Get_Temp  temp.o
    0x000016e4   0x0000006c   Code   RO          176    i.DS18B20_Read_Bit  temp.o
    0x00001750   0x00000022   Code   RO          177    i.DS18B20_Read_Byte  temp.o
    0x00001772   0x00000002   PAD
    0x00001774   0x00000044   Code   RO          178    i.DS18B20_Rst       temp.o
    0x000017b8   0x00000018   Code   RO          179    i.DS18B20_Start     temp.o
    0x000017d0   0x00000084   Code   RO          180    i.DS18B20_Write_Byte  temp.o
    0x00001854   0x00000040   Code   RO          255    i.Delayms           lcd1602.o
    0x00001894   0x0000003c   Code   RO          256    i.Delayus           lcd1602.o
    0x000018d0   0x00000044   Code   RO           70    i.GPIOinit          key.o
    0x00001914   0x00000038   Code   RO          257    i.InitLCD           lcd1602.o
    0x0000194c   0x00000064   Code   RO           71    i.KEY_1             key.o
    0x000019b0   0x00000064   Code   RO           72    i.KEY_2             key.o
    0x00001a14   0x0000006c   Code   RO           73    i.KEY_3             key.o
    0x00001a80   0x0000006c   Code   RO           74    i.KEY_4             key.o
    0x00001aec   0x00000040   Code   RO           75    i.KEY_5             key.o
    0x00001b2c   0x00000064   Code   RO          259    i.LCD_DisplayStr    lcd1602.o
    0x00001b90   0x00000038   Code   RO          260    i.LCD_IOInit        lcd1602.o
    0x00001bc8   0x0000006c   Code   RO          261    i.LCD_WriteCommand  lcd1602.o
    0x00001c34   0x00000070   Code   RO          262    i.LCD_WriteData     lcd1602.o
    0x00001ca4   0x00000010   Code   RO          263    i.SysTick_Handler   lcd1602.o
    0x00001cb4   0x0000007c   Code   RO          345    i.SystemInit        system_lpc11xx.o
    0x00001d30   0x00000170   Code   RO          127    i.UART_Init         uart.o
    0x00001ea0   0x0000001c   Code   RO          128    i.UART_SendStr      uart.o
    0x00001ebc   0x00000018   Code   RO          129    i.UART_Sendbyte     uart.o
    0x00001ed4   0x00000030   Code   RO          491    i.__ARM_common_ll_muluu  c_p.l(btod.o)
    0x00001f04   0x0000002c   Code   RO          498    i.__ARM_fpclassify  m_ps.l(fpclassify.o)
    0x00001f30   0x0000001a   Code   RO          181    i.delay_ds          temp.o
    0x00001f4a   0x00000002   PAD
    0x00001f4c   0x000002ec   Code   RO            3    i.main              main.o
    0x00002238   0x0000002c   Code   RO          494    locale$$code        c_p.l(lc_numeric_c.o)
    0x00002264   0x00000010   Code   RO          439    x$fpl$printf1       fz_ps.l(printf1.o)
    0x00002274   0x00000040   Data   RO          435    .constdata          fz_ps.l(fdiv.o)
    0x000022b4   0x00000094   Data   RO          487    .constdata          c_p.l(bigflt0.o)
    0x00002348   0x00000020   Data   RO          645    Region$$Table       anon$$obj.o
    0x00002368   0x0000001c   Data   RO          493    locale$$data        c_p.l(lc_numeric_c.o)


    Execution Region RW_IRAM1 (Base: 0x10000000, Size: 0x000004a0, Max: 0x00002000, ABSOLUTE)

    Base Addr    Size         Type   Attr      Idx    E Section Name        Object

    0x10000000   0x00000004   Data   RW            5    .data               main.o
    0x10000004   0x0000000c   Data   RW           76    .data               key.o
    0x10000010   0x00000001   Data   RW          182    .data               temp.o
    0x10000011   0x00000003   PAD
    0x10000014   0x00000004   Data   RW          264    .data               lcd1602.o
    0x10000018   0x00000004   Data   RW          346    .data               system_lpc11xx.o
    0x1000001c   0x00000020   Zero   RW            4    .bss                main.o
    0x1000003c   0x00000060   Zero   RW          501    .bss                c_p.l(libspace.o)
    0x1000009c   0x00000004   PAD
    0x100000a0   0x00000000   Zero   RW          332    HEAP                startup_lpc11xx.o
    0x100000a0   0x00000400   Zero   RW          331    STACK               startup_lpc11xx.o


==============================================================================

Image component sizes


      Code (inc. data)   RO Data    RW Data    ZI Data      Debug   Object Name

       548         62          0         12          0       2868   key.o
       676         70          0          4          0       5142   lcd1602.o
       748        266          0          4         32       6150   main.o
        56         26        192          0       1024        784   startup_lpc11xx.o
       124          8          0          4          0       1699   system_lpc11xx.o
       640         42          0          1          0       4220   temp.o
       420         30          0          0          0       1423   uart.o

    ----------------------------------------------------------------------
      3216        504        224         28       1056      22286   Object Totals
         0          0         32          0          0          0   (incl. Generated)
         4          0          0          3          0          0   (incl. Padding)

    ----------------------------------------------------------------------

      Code (inc. data)   RO Data    RW Data    ZI Data      Debug   Library Member Name

         8          0          0          0          0         68   __main.o
       108          0          0          0          0         76   __printf.o
         0          0          0          0          0          0   __rtentry.o
        12          0          0          0          0          0   __rtentry2.o
         6          0          0          0          0          0   __rtentry4.o
        60          8          0          0          0          0   __scatter.o
        26          0          0          0          0          0   __scatter_copy.o
        28          0          0          0          0          0   __scatter_zi.o
        48          6          0          0          0         88   _printf_char_common.o
        10          0          0          0          0          0   _printf_d.o
       108         18          0          0          0         76   _printf_dec.o
        10          0          0          0          0          0   _printf_f.o
      1044         14          0          0          0        176   _printf_fp_dec.o
       136         16          0          0          0         76   _printf_fp_infnan.o
       176          0          0          0          0         84   _printf_intcommon.o
         2          0          0          0          0          0   _printf_percent.o
         4          0          0          0          0          0   _printf_percent_end.o
        10          0          0          0          0         60   _sputc.o
       346          0          0          0          0         92   aeabi_sdiv.o
       200          4        148          0          0         80   bigflt0.o
      1240         12          0          0          0        316   btod.o
        16          0          0          0          0         68   exit.o
         6          0          0          0          0        136   heapauxi.o
         0          0          0          0          0          0   indicate_semi.o
        44         10         28          0          0         76   lc_numeric_c.o
         2          0          0          0          0          0   libinit.o
        18          0          0          0          0          0   libinit2.o
         2          0          0          0          0          0   libshutdown.o
         2          0          0          0          0          0   libshutdown2.o
         8          4          0          0         96         68   libspace.o
       122          0          0          0          0         72   lludiv10.o
        40          4          0          0          0         84   noretval__2sprintf.o
         8          4          0          0          0         68   rt_locale_intlibspace.o
         2          0          0          0          0          0   rtexit.o
        10          0          0          0          0          0   rtexit2.o
        40          0          0          0          0         60   rtudiv10.o
       136          4          0          0          0         72   strcmp.o
        12          4          0          0          0         60   sys_exit.o
        62          0          0          0          0         80   sys_stackheap_outer.o
         2          0          0          0          0         68   use_no_semi.o
       108         10          0          0          0         72   dfixi.o
       584         26          0          0          0         84   dmul.o
        84          4          0          0          0         60   f2d.o
       352         10         64          0          0         92   fdiv.o
        94          0          0          0          0         92   fflti.o
        16          4          0          0          0         76   printf1.o
         0          0          0          0          0          0   usenofp.o
        44          4          0          0          0         60   fpclassify.o

    ----------------------------------------------------------------------
      5412        166        240          0        100       2640   Library Totals
        16          0          0          0          4          0   (incl. Padding)

    ----------------------------------------------------------------------

      Code (inc. data)   RO Data    RW Data    ZI Data      Debug   Library Name

      4114        108        176          0         96       2104   c_p.l
      1238         54         64          0          0        476   fz_ps.l
        44          4          0          0          0         60   m_ps.l

    ----------------------------------------------------------------------
      5412        166        240          0        100       2640   Library Totals

    ----------------------------------------------------------------------

==============================================================================


      Code (inc. data)   RO Data    RW Data    ZI Data      Debug   

      8628        670        464         28       1156      22602   Grand Totals
      8628        670        464         28       1156      22602   ELF Image Totals
      8628        670        464         28          0          0   ROM Totals

==============================================================================

    Total RO  Size (Code + RO Data)                 9092 (   8.88kB)
    Total RW  Size (RW Data + ZI Data)              1184 (   1.16kB)
    Total ROM Size (Code + RO Data + RW Data)       9120 (   8.91kB)

==============================================================================

